X_0
X_1
X_2
X_3
X_4
X_5
X_6
X_7
X_8
X_9
X_10
X_11
X_12
X_13
X_14
X_15
X_16
X_17
X_18
X_19
X_20
X_21
X_22
X_23
X_24
X_25
X_26
X_27
X_28
X_29
X_30
X_31
X_32
X_33
X_34
X_35
X_36
X_37
X_38
X_39
X_40
X_41
X_42
X_43
X_44
X_45
X_46
X_47
X_48
X_49
X_50
X_51
X_52
X_53
X_54
X_55
X_56
X_57
X_58
X_61
X_62
X_63
X_64
X_65
X_66
X_67
X_68
X_69
X_152
X_151
X_150
X_149
X_148
X_147
X_146
X_145
X_144
X_143
X_142
X_141
X_140
X_139
X_138
X_137
X_136
X_135
X_134
X_133
X_132
X_131
X_130
X_129
X_128
X_127
X_126
X_125
X_124
X_123
X_122
X_121
X_120
X_119
X_153
X_154
X_118
X_117
X_116
X_115
X_114
X_113
X_112
X_111
X_110
X_109
X_108
X_107
X_106
X_105
X_104
X_103
X_102
X_101
X_100
X_99
X_98
X_97
X_96
X_95
X_94
X_93
X_92
X_91
X_90
X_89
X_88
X_87
X_86
X_85
X_84
X_83
X_82
X_81
X_80
X_79
X_78
X_77
X_76
X_75
X_74
X_73
X_72
X_71
X_70
